nohup: ignoring input
[TICKER] Initializing 60-Second Ledger Analytics Monitor...

==================================================
=== GGTI FINANCIAL TELEMETRY TICKER LOOP ===
TIMESTAMP: 2026-06-01 07:17:38
NODE TARGET METRIC ACCOUNT: ACC-47170M
--------------------------------------------------
[METRIC] NET EARNINGS  : 0.00 H.A.C
[METRIC] NET LOSSES    : -182270.00 H.A.C
[SUPPLY] Total Circulating Space : 5073050 H.A.C
[DEMAND] System Demand Index     : 1.4x
[STATUS] Operational Stature     : STABILIZED
==================================================
[INFO] Staging next telemetry analysis loop in 60 seconds... (Ctrl+C to stop)

==================================================
=== GGTI FINANCIAL TELEMETRY TICKER LOOP ===
TIMESTAMP: 2026-06-01 07:18:38
NODE TARGET METRIC ACCOUNT: ACC-47170M
--------------------------------------------------
[METRIC] NET EARNINGS  : 0.00 H.A.C
[METRIC] NET LOSSES    : -182270.00 H.A.C
[SUPPLY] Total Circulating Space : 5073050 H.A.C
[DEMAND] System Demand Index     : 1.4x
[STATUS] Operational Stature     : STABILIZED
==================================================
[INFO] Staging next telemetry analysis loop in 60 seconds... (Ctrl+C to stop)

==================================================
=== GGTI FINANCIAL TELEMETRY TICKER LOOP ===
TIMESTAMP: 2026-06-01 07:19:38
NODE TARGET METRIC ACCOUNT: ACC-47170M
--------------------------------------------------
[METRIC] NET EARNINGS  : 0.00 H.A.C
[METRIC] NET LOSSES    : -182270.00 H.A.C
[SUPPLY] Total Circulating Space : 5073050 H.A.C
[DEMAND] System Demand Index     : 1.4x
[STATUS] Operational Stature     : STABILIZED
==================================================
[INFO] Staging next telemetry analysis loop in 60 seconds... (Ctrl+C to stop)

==================================================
=== GGTI FINANCIAL TELEMETRY TICKER LOOP ===
TIMESTAMP: 2026-06-01 07:20:38
NODE TARGET METRIC ACCOUNT: ACC-47170M
--------------------------------------------------
[METRIC] NET EARNINGS  : 0.00 H.A.C
[METRIC] NET LOSSES    : -182270.00 H.A.C
[SUPPLY] Total Circulating Space : 5073050 H.A.C
[DEMAND] System Demand Index     : 1.4x
[STATUS] Operational Stature     : STABILIZED
==================================================
[INFO] Staging next telemetry analysis loop in 60 seconds... (Ctrl+C to stop)

==================================================
=== GGTI FINANCIAL TELEMETRY TICKER LOOP ===
TIMESTAMP: 2026-06-01 07:21:38
NODE TARGET METRIC ACCOUNT: ACC-47170M
--------------------------------------------------
[METRIC] NET EARNINGS  : 0.00 H.A.C
[METRIC] NET LOSSES    : -182270.00 H.A.C
[SUPPLY] Total Circulating Space : 5073050 H.A.C
[DEMAND] System Demand Index     : 1.4x
[STATUS] Operational Stature     : STABILIZED
==================================================
[INFO] Staging next telemetry analysis loop in 60 seconds... (Ctrl+C to stop)

==================================================
=== GGTI FINANCIAL TELEMETRY TICKER LOOP ===
TIMESTAMP: 2026-06-01 07:22:38
NODE TARGET METRIC ACCOUNT: ACC-47170M
--------------------------------------------------
[METRIC] NET EARNINGS  : 0.00 H.A.C
[METRIC] NET LOSSES    : -182270.00 H.A.C
[SUPPLY] Total Circulating Space : 5073050 H.A.C
[DEMAND] System Demand Index     : 1.4x
[STATUS] Operational Stature     : STABILIZED
==================================================
[INFO] Staging next telemetry analysis loop in 60 seconds... (Ctrl+C to stop)

==================================================
=== GGTI FINANCIAL TELEMETRY TICKER LOOP ===
TIMESTAMP: 2026-06-01 07:23:38
NODE TARGET METRIC ACCOUNT: ACC-47170M
--------------------------------------------------
[METRIC] NET EARNINGS  : 0.00 H.A.C
[METRIC] NET LOSSES    : -182270.00 H.A.C
[SUPPLY] Total Circulating Space : 5073050 H.A.C
[DEMAND] System Demand Index     : 1.4x
[STATUS] Operational Stature     : STABILIZED
==================================================
[INFO] Staging next telemetry analysis loop in 60 seconds... (Ctrl+C to stop)

==================================================
=== GGTI FINANCIAL TELEMETRY TICKER LOOP ===
TIMESTAMP: 2026-06-01 07:24:38
NODE TARGET METRIC ACCOUNT: ACC-47170M
--------------------------------------------------
[METRIC] NET EARNINGS  : 0.00 H.A.C
[METRIC] NET LOSSES    : -182270.00 H.A.C
[SUPPLY] Total Circulating Space : 5073050 H.A.C
[DEMAND] System Demand Index     : 1.4x
[STATUS] Operational Stature     : STABILIZED
==================================================
[INFO] Staging next telemetry analysis loop in 60 seconds... (Ctrl+C to stop)

==================================================
=== GGTI FINANCIAL TELEMETRY TICKER LOOP ===
TIMESTAMP: 2026-06-01 07:25:38
NODE TARGET METRIC ACCOUNT: ACC-47170M
--------------------------------------------------
[METRIC] NET EARNINGS  : 0.00 H.A.C
[METRIC] NET LOSSES    : -182270.00 H.A.C
[SUPPLY] Total Circulating Space : 5073050 H.A.C
[DEMAND] System Demand Index     : 1.4x
[STATUS] Operational Stature     : STABILIZED
==================================================
[INFO] Staging next telemetry analysis loop in 60 seconds... (Ctrl+C to stop)

==================================================
=== GGTI FINANCIAL TELEMETRY TICKER LOOP ===
TIMESTAMP: 2026-06-01 07:26:38
NODE TARGET METRIC ACCOUNT: ACC-47170M
--------------------------------------------------
[METRIC] NET EARNINGS  : 0.00 H.A.C
[METRIC] NET LOSSES    : -182270.00 H.A.C
[SUPPLY] Total Circulating Space : 5073050 H.A.C
[DEMAND] System Demand Index     : 1.4x
[STATUS] Operational Stature     : STABILIZED
==================================================
[INFO] Staging next telemetry analysis loop in 60 seconds... (Ctrl+C to stop)

==================================================
=== GGTI FINANCIAL TELEMETRY TICKER LOOP ===
TIMESTAMP: 2026-06-01 07:27:38
NODE TARGET METRIC ACCOUNT: ACC-47170M
--------------------------------------------------
[METRIC] NET EARNINGS  : 0.00 H.A.C
[METRIC] NET LOSSES    : -182270.00 H.A.C
[SUPPLY] Total Circulating Space : 5073050 H.A.C
[DEMAND] System Demand Index     : 1.4x
[STATUS] Operational Stature     : STABILIZED
==================================================
[INFO] Staging next telemetry analysis loop in 60 seconds... (Ctrl+C to stop)

==================================================
=== GGTI FINANCIAL TELEMETRY TICKER LOOP ===
TIMESTAMP: 2026-06-01 07:28:38
NODE TARGET METRIC ACCOUNT: ACC-47170M
--------------------------------------------------
[METRIC] NET EARNINGS  : 0.00 H.A.C
[METRIC] NET LOSSES    : -182270.00 H.A.C
[SUPPLY] Total Circulating Space : 5073050 H.A.C
[DEMAND] System Demand Index     : 1.4x
[STATUS] Operational Stature     : STABILIZED
==================================================
[INFO] Staging next telemetry analysis loop in 60 seconds... (Ctrl+C to stop)

==================================================
=== GGTI FINANCIAL TELEMETRY TICKER LOOP ===
TIMESTAMP: 2026-06-01 07:29:38
NODE TARGET METRIC ACCOUNT: ACC-47170M
--------------------------------------------------
[METRIC] NET EARNINGS  : 0.00 H.A.C
[METRIC] NET LOSSES    : -172270.00 H.A.C
[SUPPLY] Total Circulating Space : 5073050 H.A.C
[DEMAND] System Demand Index     : 1.4x
[STATUS] Operational Stature     : STABILIZED
==================================================
[INFO] Staging next telemetry analysis loop in 60 seconds... (Ctrl+C to stop)

==================================================
=== GGTI FINANCIAL TELEMETRY TICKER LOOP ===
TIMESTAMP: 2026-06-01 07:30:38
NODE TARGET METRIC ACCOUNT: ACC-47170M
--------------------------------------------------
[METRIC] NET EARNINGS  : 0.00 H.A.C
[METRIC] NET LOSSES    : -172270.00 H.A.C
[SUPPLY] Total Circulating Space : 5073050 H.A.C
[DEMAND] System Demand Index     : 1.4x
[STATUS] Operational Stature     : STABILIZED
==================================================
[INFO] Staging next telemetry analysis loop in 60 seconds... (Ctrl+C to stop)

==================================================
=== GGTI FINANCIAL TELEMETRY TICKER LOOP ===
TIMESTAMP: 2026-06-01 07:31:38
NODE TARGET METRIC ACCOUNT: ACC-47170M
--------------------------------------------------
[METRIC] NET EARNINGS  : 0.00 H.A.C
[METRIC] NET LOSSES    : -172270.00 H.A.C