nohup: ignoring input
[TICKER] Initializing Upgraded Ledger Analytics Monitor...

==================================================
=== GGTI FINANCIAL TELEMETRY TICKER LOOP ===
TIMESTAMP: 2026-06-01 07:56:14
NODE TARGET METRIC ACCOUNT: ACC-47170M
--------------------------------------------------
[METRIC] NET EARNINGS     : 0.00 H.A.C
[METRIC] NET LOSSES       : -172420.00 H.A.C
[CRYPTO] Staged Outbound  : 150.00 H.A.C [STAGED_FOR_BROADCAST]
[SUPPLY] Total Circ Space : 5073050 H.A.C
[DEMAND] Demand Index     : 1.4x
[STATUS] Core Stature     : STABILIZED / WORKING UP
==================================================

==================================================
=== GGTI FINANCIAL TELEMETRY TICKER LOOP ===
TIMESTAMP: 2026-06-01 07:57:14
NODE TARGET METRIC ACCOUNT: ACC-47170M
--------------------------------------------------
[METRIC] NET EARNINGS     : 0.00 H.A.C
[METRIC] NET LOSSES       : -172420.00 H.A.C
[CRYPTO] Staged Outbound  : 150.00 H.A.C [STAGED_FOR_BROADCAST]
[SUPPLY] Total Circ Space : 5073050 H.A.C
[DEMAND] Demand Index     : 1.4x
[STATUS] Core Stature     : STABILIZED / WORKING UP
==================================================

==================================================
=== GGTI FINANCIAL TELEMETRY TICKER LOOP ===
TIMESTAMP: 2026-06-01 07:58:14
NODE TARGET METRIC ACCOUNT: ACC-47170M
--------------------------------------------------
[METRIC] NET EARNINGS     : 0.00 H.A.C
[METRIC] NET LOSSES       : -172420.00 H.A.C
[CRYPTO] Staged Outbound  : 150.00 H.A.C [STAGED_FOR_BROADCAST]
[SUPPLY] Total Circ Space : 5073050 H.A.C
[DEMAND] Demand Index     : 1.4x
[STATUS] Core Stature     : STABILIZED / WORKING UP
==================================================

==================================================
=== GGTI FINANCIAL TELEMETRY TICKER LOOP ===
TIMESTAMP: 2026-06-01 07:59:14
NODE TARGET METRIC ACCOUNT: ACC-47170M
--------------------------------------------------
[METRIC] NET EARNINGS     : 0.00 H.A.C
[METRIC] NET LOSSES       : -172420.00 H.A.C
[CRYPTO] Staged Outbound  : 150.00 H.A.C [STAGED_FOR_BROADCAST]
[SUPPLY] Total Circ Space : 5073050 H.A.C
[DEMAND] Demand Index     : 1.4x
[STATUS] Core Stature     : STABILIZED / WORKING UP
==================================================

==================================================
=== GGTI FINANCIAL TELEMETRY TICKER LOOP ===
TIMESTAMP: 2026-06-01 08:00:14
NODE TARGET METRIC ACCOUNT: ACC-47170M
--------------------------------------------------
[METRIC] NET EARNINGS     : 0.00 H.A.C
[METRIC] NET LOSSES       : -172420.00 H.A.C
[CRYPTO] Staged Outbound  : 150.00 H.A.C [STAGED_FOR_BROADCAST]
[SUPPLY] Total Circ Space : 5073050 H.A.C
[DEMAND] Demand Index     : 1.4x
[STATUS] Core Stature     : STABILIZED / WORKING UP
==================================================

==================================================
=== GGTI FINANCIAL TELEMETRY TICKER LOOP ===
TIMESTAMP: 2026-06-01 08:01:14
NODE TARGET METRIC ACCOUNT: ACC-47170M
--------------------------------------------------
[METRIC] NET EARNINGS     : 0.00 H.A.C
[METRIC] NET LOSSES       : -172420.00 H.A.C
[CRYPTO] Staged Outbound  : 150.00 H.A.C [STAGED_FOR_BROADCAST]
[SUPPLY] Total Circ Space : 5073050 H.A.C
[DEMAND] Demand Index     : 1.4x
[STATUS] Core Stature     : STABILIZED / WORKING UP
==================================================

==================================================
=== GGTI FINANCIAL TELEMETRY TICKER LOOP ===
TIMESTAMP: 2026-06-01 08:02:15
NODE TARGET METRIC ACCOUNT: ACC-47170M
--------------------------------------------------
[METRIC] NET EARNINGS     : 0.00 H.A.C
[METRIC] NET LOSSES       : -172420.00 H.A.C
[CRYPTO] Staged Outbound  : 150.00 H.A.C [STAGED_FOR_BROADCAST]
[SUPPLY] Total Circ Space : 5073050 H.A.C
[DEMAND] Demand Index     : 1.4x
[STATUS] Core Stature     : STABILIZED / WORKING UP
==================================================

==================================================
=== GGTI FINANCIAL TELEMETRY TICKER LOOP ===
TIMESTAMP: 2026-06-01 08:03:15
NODE TARGET METRIC ACCOUNT: ACC-47170M
--------------------------------------------------
[METRIC] NET EARNINGS     : 0.00 H.A.C
[METRIC] NET LOSSES       : -172420.00 H.A.C
[CRYPTO] Staged Outbound  : 150.00 H.A.C [STAGED_FOR_BROADCAST]
[SUPPLY] Total Circ Space : 5073050 H.A.C
[DEMAND] Demand Index     : 1.4x
[STATUS] Core Stature     : STABILIZED / WORKING UP
==================================================

==================================================
=== GGTI FINANCIAL TELEMETRY TICKER LOOP ===
TIMESTAMP: 2026-06-01 08:04:15
NODE TARGET METRIC ACCOUNT: ACC-47170M
--------------------------------------------------
[METRIC] NET EARNINGS     : 0.00 H.A.C
[METRIC] NET LOSSES       : -172420.00 H.A.C
[CRYPTO] Staged Outbound  : 150.00 H.A.C [STAGED_FOR_BROADCAST]
[SUPPLY] Total Circ Space : 5073050 H.A.C
[DEMAND] Demand Index     : 1.4x
[STATUS] Core Stature     : STABILIZED / WORKING UP
==================================================

==================================================
=== GGTI FINANCIAL TELEMETRY TICKER LOOP ===
TIMESTAMP: 2026-06-01 08:05:15
NODE TARGET METRIC ACCOUNT: ACC-47170M
--------------------------------------------------
[METRIC] NET EARNINGS     : 0.00 H.A.C
[METRIC] NET LOSSES       : -172420.00 H.A.C
[CRYPTO] Staged Outbound  : 150.00 H.A.C [STAGED_FOR_BROADCAST]
[SUPPLY] Total Circ Space : 5073050 H.A.C
[DEMAND] Demand Index     : 1.4x
[STATUS] Core Stature     : STABILIZED / WORKING UP
==================================================

==================================================
=== GGTI FINANCIAL TELEMETRY TICKER LOOP ===
TIMESTAMP: 2026-06-01 08:06:15
NODE TARGET METRIC ACCOUNT: ACC-47170M
--------------------------------------------------
[METRIC] NET EARNINGS     : 0.00 H.A.C
[METRIC] NET LOSSES       : -172420.00 H.A.C
[CRYPTO] Staged Outbound  : 150.00 H.A.C [STAGED_FOR_BROADCAST]
[SUPPLY] Total Circ Space : 5073050 H.A.C
[DEMAND] Demand Index     : 1.4x
[STATUS] Core Stature     : STABILIZED / WORKING UP
==================================================

==================================================
=== GGTI FINANCIAL TELEMETRY TICKER LOOP ===
TIMESTAMP: 2026-06-01 08:07:15
NODE TARGET METRIC ACCOUNT: ACC-47170M
--------------------------------------------------
[METRIC] NET EARNINGS     : 0.00 H.A.C
[METRIC] NET LOSSES       : -172420.00 H.A.C
[CRYPTO] Staged Outbound  : 150.00 H.A.C [STAGED_FOR_BROADCAST]
[SUPPLY] Total Circ Space : 5073050 H.A.C
[DEMAND] Demand Index     : 1.4x
[STATUS] Core Stature     : STABILIZED / WORKING UP
==================================================

==================================================
=== GGTI FINANCIAL TELEMETRY TICKER LOOP ===
TIMESTAMP: 2026-06-01 08:08:15
NODE TARGET METRIC ACCOUNT: ACC-47170M
--------------------------------------------------
[METRIC] NET EARNINGS     : 0.00 H.A.C
[METRIC] NET LOSSES       : -172420.00 H.A.C
[CRYPTO] Staged Outbound  : 150.00 H.A.C [STAGED_FOR_BROADCAST]
[SUPPLY] Total Circ Space : 5073050 H.A.C
[DEMAND] Demand Index     : 1.4x
[STATUS] Core Stature     : STABILIZED / WORKING UP
==================================================

==================================================
=== GGTI FINANCIAL TELEMETRY TICKER LOOP ===
TIMESTAMP: 2026-06-01 08:09:15
NODE TARGET METRIC ACCOUNT: ACC-47170M
--------------------------------------------------
[METRIC] NET EARNINGS     : 0.00 H.A.C
[METRIC] NET LOSSES       : -172420.00 H.A.C
[CRYPTO] Staged Outbound  : 150.00 H.A.C [STAGED_FOR_BROADCAST]
[SUPPLY] Total Circ Space : 5073050 H.A.C
[DEMAND] Demand Index     : 1.4x
[STATUS] Core Stature     : STABILIZED / WORKING UP
==================================================

==================================================
=== GGTI FINANCIAL TELEMETRY TICKER LOOP ===
TIMESTAMP: 2026-06-01 08:10:15
NODE TARGET METRIC ACCOUNT: ACC-47170M
--------------------------------------------------
[METRIC] NET EARNINGS     : 0.00 H.A.C
[METRIC] NET LOSSES       : -172420.00 H.A.C
[CRYPTO] Staged Outbound  : 150.00 H.A.C [STAGED_FOR_BROADCAST]
[SUPPLY] Total Circ Space : 5073050 H.A.C
[DEMAND] Demand Index     : 1.4x
[STATUS] Core Stature     : STABILIZED / WORKING UP
==================================================

==================================================
=== GGTI FINANCIAL TELEMETRY TICKER LOOP ===
TIMESTAMP: 2026-06-01 08:11:15
NODE TARGET METRIC ACCOUNT: ACC-47170M
--------------------------------------------------
[METRIC] NET EARNINGS     : 0.00 H.A.C
[METRIC] NET LOSSES       : -172420.00 H.A.C
[CRYPTO] Staged Outbound  : 150.00 H.A.C [STAGED_FOR_BROADCAST]
[SUPPLY] Total Circ Space : 5073050 H.A.C
[DEMAND] Demand Index     : 1.4x
[STATUS] Core Stature     : STABILIZED / WORKING UP
==================================================

==================================================
=== GGTI FINANCIAL TELEMETRY TICKER LOOP ===
TIMESTAMP: 2026-06-01 08:12:15
NODE TARGET METRIC ACCOUNT: ACC-47170M
--------------------------------------------------
[METRIC] NET EARNINGS     : 0.00 H.A.C
[METRIC] NET LOSSES       : -172420.00 H.A.C
[CRYPTO] Staged Outbound  : 150.00 H.A.C [STAGED_FOR_BROADCAST]
[SUPPLY] Total Circ Space : 5073050 H.A.C
[DEMAND] Demand Index     : 1.4x
[STATUS] Core Stature     : STABILIZED / WORKING UP
==================================================

==================================================
=== GGTI FINANCIAL TELEMETRY TICKER LOOP ===
TIMESTAMP: 2026-06-01 08:13:15
NODE TARGET METRIC ACCOUNT: ACC-47170M
--------------------------------------------------
[METRIC] NET EARNINGS     : 0.00 H.A.C
[METRIC] NET LOSSES       : -172420.00 H.A.C
[CRYPTO] Staged Outbound  : 150.00 H.A.C [STAGED_FOR_BROADCAST]
[SUPPLY] Total Circ Space : 5073050 H.A.C
[DEMAND] Demand Index     : 1.4x
[STATUS] Core Stature     : STABILIZED / WORKING UP
==================================================

==================================================
=== GGTI FINANCIAL TELEMETRY TICKER LOOP ===
TIMESTAMP: 2026-06-01 08:14:15
NODE TARGET METRIC ACCOUNT: ACC-47170M
--------------------------------------------------
[METRIC] NET EARNINGS     : 0.00 H.A.C
[METRIC] NET LOSSES       : -172420.00 H.A.C
[CRYPTO] Staged Outbound  : 150.00 H.A.C [STAGED_FOR_BROADCAST]
[SUPPLY] Total Circ Space : 5073050 H.A.C
[DEMAND] Demand Index     : 1.4x
[STATUS] Core Stature     : STABILIZED / WORKING UP
==================================================

==================================================
=== GGTI FINANCIAL TELEMETRY TICKER LOOP ===
TIMESTAMP: 2026-06-01 08:15:15
NODE TARGET METRIC ACCOUNT: ACC-47170M
--------------------------------------------------
[METRIC] NET EARNINGS     : 0.00 H.A.C
[METRIC] NET LOSSES       : -172420.00 H.A.C
[CRYPTO] Staged Outbound  : 150.00 H.A.C [STAGED_FOR_BROADCAST]
[SUPPLY] Total Circ Space : 5073050 H.A.C
[DEMAND] Demand Index     : 1.4x
[STATUS] Core Stature     : STABILIZED / WORKING UP
==================================================

==================================================
=== GGTI FINANCIAL TELEMETRY TICKER LOOP ===
TIMESTAMP: 2026-06-01 08:16:15
NODE TARGET METRIC ACCOUNT: ACC-47170M
--------------------------------------------------
[METRIC] NET EARNINGS     : 0.00 H.A.C
[METRIC] NET LOSSES       : -172420.00 H.A.C
[CRYPTO] Staged Outbound  : 150.00 H.A.C [STAGED_FOR_BROADCAST]
[SUPPLY] Total Circ Space : 5073050 H.A.C
[DEMAND] Demand Index     : 1.4x
[STATUS] Core Stature     : STABILIZED / WORKING UP
==================================================

==================================================
=== GGTI FINANCIAL TELEMETRY TICKER LOOP ===
TIMESTAMP: 2026-06-01 08:17:15
NODE TARGET METRIC ACCOUNT: ACC-47170M
--------------------------------------------------
[METRIC] NET EARNINGS     : 0.00 H.A.C
[METRIC] NET LOSSES       : -172420.00 H.A.C
[CRYPTO] Staged Outbound  : 150.00 H.A.C [STAGED_FOR_BROADCAST]
[SUPPLY] Total Circ Space : 5073050 H.A.C
[DEMAND] Demand Index     : 1.4x
[STATUS] Core Stature     : STABILIZED / WORKING UP
==================================================

==================================================
=== GGTI FINANCIAL TELEMETRY TICKER LOOP ===
TIMESTAMP: 2026-06-01 08:18:15
NODE TARGET METRIC ACCOUNT: ACC-47170M
--------------------------------------------------
[METRIC] NET EARNINGS     : 0.00 H.A.C
[METRIC] NET LOSSES       : -172420.00 H.A.C
[CRYPTO] Staged Outbound  : 150.00 H.A.C [STAGED_FOR_BROADCAST]
[SUPPLY] Total Circ Space : 5073050 H.A.C
[DEMAND] Demand Index     : 1.4x
[STATUS] Core Stature     : STABILIZED / WORKING UP
==================================================

==================================================
=== GGTI FINANCIAL TELEMETRY TICKER LOOP ===
TIMESTAMP: 2026-06-01 08:19:15
NODE TARGET METRIC ACCOUNT: ACC-47170M
--------------------------------------------------
[METRIC] NET EARNINGS     : 0.00 H.A.C
[METRIC] NET LOSSES       : -172420.00 H.A.C
[CRYPTO] Staged Outbound  : 150.00 H.A.C [STAGED_FOR_BROADCAST]
[SUPPLY] Total Circ Space : 5073050 H.A.C
[DEMAND] Demand Index     : 1.4x
[STATUS] Core Stature     : STABILIZED / WORKING UP
==================================================

==================================================
=== GGTI FINANCIAL TELEMETRY TICKER LOOP ===
TIMESTAMP: 2026-06-01 08:20:15
NODE TARGET METRIC ACCOUNT: ACC-47170M
--------------------------------------------------
[METRIC] NET EARNINGS     : 0.00 H.A.C
[METRIC] NET LOSSES       : -172420.00 H.A.C
[CRYPTO] Staged Outbound  : 150.00 H.A.C [STAGED_FOR_BROADCAST]
[SUPPLY] Total Circ Space : 5073050 H.A.C
[DEMAND] Demand Index     : 1.4x
[STATUS] Core Stature     : STABILIZED / WORKING UP
==================================================

==================================================
=== GGTI FINANCIAL TELEMETRY TICKER LOOP ===
TIMESTAMP: 2026-06-01 08:21:15
NODE TARGET METRIC ACCOUNT: ACC-47170M
--------------------------------------------------
[METRIC] NET EARNINGS     : 0.00 H.A.C
[METRIC] NET LOSSES       : -172420.00 H.A.C
[CRYPTO] Staged Outbound  : 150.00 H.A.C [STAGED_FOR_BROADCAST]
[SUPPLY] Total Circ Space : 5073050 H.A.C
[DEMAND] Demand Index     : 1.4x
[STATUS] Core Stature     : STABILIZED / WORKING UP
==================================================

==================================================
=== GGTI FINANCIAL TELEMETRY TICKER LOOP ===
TIMESTAMP: 2026-06-01 08:22:15
NODE TARGET METRIC ACCOUNT: ACC-47170M
--------------------------------------------------
[METRIC] NET EARNINGS     : 0.00 H.A.C
[METRIC] NET LOSSES       : -172420.00 H.A.C
[CRYPTO] Staged Outbound  : 150.00 H.A.C [STAGED_FOR_BROADCAST]
[SUPPLY] Total Circ Space : 5073050 H.A.C
[DEMAND] Demand Index     : 1.4x
[STATUS] Core Stature     : STABILIZED / WORKING UP
==================================================

==================================================
=== GGTI FINANCIAL TELEMETRY TICKER LOOP ===
TIMESTAMP: 2026-06-01 08:23:15
NODE TARGET METRIC ACCOUNT: ACC-47170M
--------------------------------------------------
[METRIC] NET EARNINGS     : 0.00 H.A.C
[METRIC] NET LOSSES       : -172420.00 H.A.C
[CRYPTO] Staged Outbound  : 150.00 H.A.C [STAGED_FOR_BROADCAST]
[SUPPLY] Total Circ Space : 5073050 H.A.C
[DEMAND] Demand Index     : 1.4x
[STATUS] Core Stature     : STABILIZED / WORKING UP
==================================================

==================================================
=== GGTI FINANCIAL TELEMETRY TICKER LOOP ===
TIMESTAMP: 2026-06-01 08:24:15
NODE TARGET METRIC ACCOUNT: ACC-47170M
--------------------------------------------------
[METRIC] NET EARNINGS     : 0.00 H.A.C
[METRIC] NET LOSSES       : -172420.00 H.A.C
[CRYPTO] Staged Outbound  : 150.00 H.A.C [STAGED_FOR_BROADCAST]
[SUPPLY] Total Circ Space : 5073050 H.A.C
[DEMAND] Demand Index     : 1.4x
[STATUS] Core Stature     : STABILIZED / WORKING UP
==================================================

==================================================
=== GGTI FINANCIAL TELEMETRY TICKER LOOP ===
TIMESTAMP: 2026-06-01 08:25:15
NODE TARGET METRIC ACCOUNT: ACC-47170M
--------------------------------------------------
[METRIC] NET EARNINGS     : 0.00 H.A.C
[METRIC] NET LOSSES       : -172420.00 H.A.C
[CRYPTO] Staged Outbound  : 150.00 H.A.C [STAGED_FOR_BROADCAST]
[SUPPLY] Total Circ Space : 5073050 H.A.C
[DEMAND] Demand Index     : 1.4x
[STATUS] Core Stature     : STABILIZED / WORKING UP
==================================================

==================================================DE TARGET METRIC ACCOUNT: ACC-47170M
--------------------------------------------------
[METRIC] NET EARNINGS  : 0.00 H.A.C
[METRIC] NET LOSSES    : -172420.00 H.A.C
[SUPPLY] Total Circulating Space : 5073050 H.A.C
[DEMAND] System Demand Index     : 1.4x
[STATUS] Operational Stature     : STABILIZED
==================================================
[INFO] Staging next telemetry analysis loop in 60 seconds... (Ctrl+C to stop)

==================================================
=== GGTI FINANCIAL TELEMETRY TICKER LOOP ===
TIMESTAMP: 2026-06-01 07:47:39
NODE TARGET METRIC ACCOUNT: ACC-47170M
--------------------------------------------------
[METRIC] NET EARNINGS  : 0.00 H.A.C
[METRIC] NET LOSSES    : -172420.00 H.A.C
[SUPPLY] Total Circulating Space : 5073050 H.A.C
[DEMAND] System Demand Index     : 1.4x
[STATUS] Operational Stature     : STABILIZED
==================================================
[INFO] Staging next telemetry analysis loop in 60 seconds... (Ctrl+C to stop)

==================================================
=== GGTI FINANCIAL TELEMETRY TICKER LOOP ===
TIMESTAMP: 2026-06-01 07:48:39
NODE TARGET METRIC ACCOUNT: ACC-47170M
--------------------------------------------------
[METRIC] NET EARNINGS  : 0.00 H.A.C
[METRIC] NET LOSSES    : -172420.00 H.A.C
[SUPPLY] Total Circulating Space : 5073050 H.A.C
[DEMAND] System Demand Index     : 1.4x
[STATUS] Operational Stature     : STABILIZED
==================================================
[INFO] Staging next telemetry analysis loop in 60 seconds... (Ctrl+C to stop)

==================================================
=== GGTI FINANCIAL TELEMETRY TICKER LOOP ===
TIMESTAMP: 2026-06-01 07:49:39
NODE TARGET METRIC ACCOUNT: ACC-47170M
--------------------------------------------------
[METRIC] NET EARNINGS  : 0.00 H.A.C
[METRIC] NET LOSSES    : -172420.00 H.A.C
[SUPPLY] Total Circulating Space : 5073050 H.A.C
[DEMAND] System Demand Index     : 1.4x
[STATUS] Operational Stature     : STABILIZED
==================================================
[INFO] Staging next telemetry analysis loop in 60 seconds... (Ctrl+C to stop)

==================================================
=== GGTI FINANCIAL TELEMETRY TICKER LOOP ===
TIMESTAMP: 2026-06-01 07:50:39
NODE TARGET METRIC ACCOUNT: ACC-47170M
--------------------------------------------------
[METRIC] NET EARNINGS  : 0.00 H.A.C
[METRIC] NET LOSSES    : -172420.00 H.A.C
[SUPPLY] Total Circulating Space : 5073050 H.A.C
[DEMAND] System Demand Index     : 1.4x
[STATUS] Operational Stature     : STABILIZED
==================================================
[INFO] Staging next telemetry analysis loop in 60 seconds... (Ctrl+C to stop)

==================================================
=== GGTI FINANCIAL TELEMETRY TICKER LOOP ===
TIMESTAMP: 2026-06-01 07:51:39
NODE TARGET METRIC ACCOUNT: ACC-47170M
--------------------------------------------------
[METRIC] NET EARNINGS  : 0.00 H.A.C
[METRIC] NET LOSSES    : -172420.00 H.A.C
[SUPPLY] Total Circulating Space : 5073050 H.A.C
[DEMAND] System Demand Index     : 1.4x
[STATUS] Operational Stature     : STABILIZED
==================================================
[INFO] Staging next telemetry analysis loop in 60 seconds... (Ctrl+C to stop)

==================================================
=== GGTI FINANCIAL TELEMETRY TICKER LOOP ===
TIMESTAMP: 2026-06-01 07:52:39
NODE TARGET METRIC ACCOUNT: ACC-47170M
--------------------------------------------------
[METRIC] NET EARNINGS  : 0.00 H.A.C
[METRIC] NET LOSSES    : -172420.00 H.A.C
[SUPPLY] Total Circulating Space : 5073050 H.A.C
[DEMAND] System Demand Index     : 1.4x
[STATUS] Operational Stature     : STABILIZED
==================================================
[INFO] Staging next telemetry analysis loop in 60 seconds... (Ctrl+C to stop)

==================================================
=== GGTI FINANCIAL TELEMETRY TICKER LOOP ===
TIMESTAMP: 2026-06-01 07:53:39
NODE TARGET METRIC ACCOUNT: ACC-47170M
--------------------------------------------------
[METRIC] NET EARNINGS  : 0.00 H.A.C
[METRIC] NET LOSSES    : -172420.00 H.A.C
[SUPPLY] Total Circulating Space : 5073050 H.A.C
[DEMAND] System Demand Index     : 1.4x
[STATUS] Operational Stature     : STABILIZED
==================================================
[INFO] Staging next telemetry analysis loop in 60 seconds... (Ctrl+C to stop)

==================================================
=== GGTI FINANCIAL TELEMETRY TICKER LOOP ===
TIMESTAMP: 2026-06-01 07:54:39
NODE TARGET METRIC ACCOUNT: ACC-47170M
--------------------------------------------------
[METRIC] NET EARNINGS  : 0.00 H.A.C
[METRIC] NET LOSSES    : -172420.00 H.A.C
[SUPPLY] Total Circulating Space : 5073050 H.A.C
[DEMAND] System Demand Index     : 1.4x
[STATUS] Operational Stature     : STABILIZED
==================================================
[INFO] Staging next telemetry analysis loop in 60 seconds... (Ctrl+C to stop)

==================================================
=== GGTI FINANCIAL TELEMETRY TICKER LOOP ===
TIMESTAMP: 2026-06-01 07:55:39
NODE TARGET METRIC ACCOUNT: ACC-47170M
--------------------------------------------------
[METRIC] NET EARNINGS  : 0.00 H.A.C
[METRIC] NET LOSSES    : -172420.00 H.A.C
[SUPPLY] Total Circulating Space : 5073050 H.A.C
[DEMAND] System Demand Index     : 1.4x
[STATUS] Operational Stature     : STABILIZED
==================================================
[INFO] Staging next telemetry analysis loop in 60 seconds... (Ctrl+C to stop)

==================================================
=== GGTI FINANCIAL TELEMETRY TICKER LOOP ===
TIMESTAMP: 2026-06-01 07:56:39
NODE TARGET METRIC ACCOUNT: ACC-47170M
--------------------------------------------------
[METRIC] NET EARNINGS  : 0.00 H.A.C
[METRIC] NET LOSSES    : -172420.00 H.A.C
[SUPPLY] Total Circulating Space : 5073050 H.A.C
[DEMAND] System Demand Index     : 1.4x
[STATUS] Operational Stature     : STABILIZED
==================================================
[INFO] Staging next telemetry analysis loop in 60 seconds... (Ctrl+C to stop)

==================================================
=== GGTI FINANCIAL TELEMETRY TICKER LOOP ===
TIMESTAMP: 2026-06-01 07:57:39
NODE TARGET METRIC ACCOUNT: ACC-47170M
--------------------------------------------------
[METRIC] NET EARNINGS  : 0.00 H.A.C
[METRIC] NET LOSSES    : -172420.00 H.A.C
[SUPPLY] Total Circulating Space : 5073050 H.A.C
[DEMAND] System Demand Index     : 1.4x
[STATUS] Operational Stature     : STABILIZED
==================================================
[INFO] Staging next telemetry analysis loop in 60 seconds... (Ctrl+C to stop)

==================================================
=== GGTI FINANCIAL TELEMETRY TICKER LOOP ===
TIMESTAMP: 2026-06-01 07:58:39
NODE TARGET METRIC ACCOUNT: ACC-47170M
--------------------------------------------------
[METRIC] NET EARNINGS  : 0.00 H.A.C
[METRIC] NET LOSSES    : -172420.00 H.A.C
[SUPPLY] Total Circulating Space : 5073050 H.A.C
[DEMAND] System Demand Index     : 1.4x
[STATUS] Operational Stature     : STABILIZED
==================================================
[INFO] Staging next telemetry analysis loop in 60 seconds... (Ctrl+C to stop)

==================================================
=== GGTI FINANCIAL TELEMETRY TICKER LOOP ===
TIMESTAMP: 2026-06-01 07:59:39
NODE TARGET METRIC ACCOUNT: ACC-47170M
--------------------------------------------------
[METRIC] NET EARNINGS  : 0.00 H.A.C
[METRIC] NET LOSSES    : -172420.00 H.A.C
[SUPPLY] Total Circulating Space : 5073050 H.A.C
[DEMAND] System Demand Index     : 1.4x
[STATUS] Operational Stature     : STABILIZED
==================================================
[INFO] Staging next telemetry analysis loop in 60 seconds... (Ctrl+C to stop)

==================================================
=== GGTI FINANCIAL TELEMETRY TICKER LOOP ===
TIMESTAMP: 2026-06-01 08:00:39
NODE TARGET METRIC ACCOUNT: ACC-47170M
--------------------------------------------------
[METRIC] NET EARNINGS  : 0.00 H.A.C
[METRIC] NET LOSSES    : -172420.00 H.A.C
[SUPPLY] Total Circulating Space : 5073050 H.A.C
[DEMAND] System Demand Index     : 1.4x
[STATUS] Operational Stature     : STABILIZED
==================================================
[INFO] Staging next telemetry analysis loop in 60 seconds... (Ctrl+C to stop)

==================================================
=== GGTI FINANCIAL TELEMETRY TICKER LOOP ===
TIMESTAMP: 2026-06-01 08:01:39
NODE TARGET METRIC ACCOUNT: ACC-47170M
--------------------------------------------------
[METRIC] NET EARNINGS  : 0.00 H.A.C
[METRIC] NET LOSSES    : -172420.00 H.A.C
[SUPPLY] Total Circulating Space : 5073050 H.A.C
[DEMAND] System Demand Index     : 1.4x
[STATUS] Operational Stature     : STABILIZED
==================================================
[INFO] Staging next telemetry analysis loop in 60 seconds... (Ctrl+C to stop)

==================================================
=== GGTI FINANCIAL TELEMETRY TICKER LOOP ===
TIMESTAMP: 2026-06-01 08:02:39
NODE TARGET METRIC ACCOUNT: ACC-47170M
--------------------------------------------------
[METRIC] NET EARNINGS  : 0.00 H.A.C
[METRIC] NET LOSSES    : -172420.00 H.A.C
[SUPPLY] Total Circulating Space : 5073050 H.A.C
[DEMAND] System Demand Index     : 1.4x
[STATUS] Operational Stature     : STABILIZED
==================================================
[INFO] Staging next telemetry analysis loop in 60 seconds... (Ctrl+C to stop)

==================================================
=== GGTI FINANCIAL TELEMETRY TICKER LOOP ===
TIMESTAMP: 2026-06-01 08:03:39
NODE TARGET METRIC ACCOUNT: ACC-47170M
--------------------------------------------------
[METRIC] NET EARNINGS  : 0.00 H.A.C
[METRIC] NET LOSSES    : -172420.00 H.A.C
[SUPPLY] Total Circulating Space : 5073050 H.A.C
[DEMAND] System Demand Index     : 1.4x
[STATUS] Operational Stature     : STABILIZED
==================================================
[INFO] Staging next telemetry analysis loop in 60 seconds... (Ctrl+C to stop)

==================================================
=== GGTI FINANCIAL TELEMETRY TICKER LOOP ===
TIMESTAMP: 2026-06-01 08:04:39
NODE TARGET METRIC ACCOUNT: ACC-47170M
--------------------------------------------------
[METRIC] NET EARNINGS  : 0.00 H.A.C
[METRIC] NET LOSSES    : -172420.00 H.A.C
[SUPPLY] Total Circulating Space : 5073050 H.A.C
[DEMAND] System Demand Index     : 1.4x
[STATUS] Operational Stature     : STABILIZED
==================================================
[INFO] Staging next telemetry analysis loop in 60 seconds... (Ctrl+C to stop)

==================================================
=== GGTI FINANCIAL TELEMETRY TICKER LOOP ===
TIMESTAMP: 2026-06-01 08:05:39
NODE TARGET METRIC ACCOUNT: ACC-47170M
--------------------------------------------------
[METRIC] NET EARNINGS  : 0.00 H.A.C
[METRIC] NET LOSSES    : -172420.00 H.A.C
[SUPPLY] Total Circulating Space : 5073050 H.A.C
[DEMAND] System Demand Index     : 1.4x
[STATUS] Operational Stature     : STABILIZED
==================================================
[INFO] Staging next telemetry analysis loop in 60 seconds... (Ctrl+C to stop)

==================================================
=== GGTI FINANCIAL TELEMETRY TICKER LOOP ===
TIMESTAMP: 2026-06-01 08:06:39
NODE TARGET METRIC ACCOUNT: ACC-47170M
--------------------------------------------------
[METRIC] NET EARNINGS  : 0.00 H.A.C
[METRIC] NET LOSSES    : -172420.00 H.A.C
[SUPPLY] Total Circulating Space : 5073050 H.A.C
[DEMAND] System Demand Index     : 1.4x
[STATUS] Operational Stature     : STABILIZED
==================================================
[INFO] Staging next telemetry analysis loop in 60 seconds... (Ctrl+C to stop)

==================================================
=== GGTI FINANCIAL TELEMETRY TICKER LOOP ===
TIMESTAMP: 2026-06-01 08:07:39
NODE TARGET METRIC ACCOUNT: ACC-47170M
--------------------------------------------------
[METRIC] NET EARNINGS  : 0.00 H.A.C
[METRIC] NET LOSSES    : -172420.00 H.A.C
[SUPPLY] Total Circulating Space : 5073050 H.A.C
[DEMAND] System Demand Index     : 1.4x
[STATUS] Operational Stature     : STABILIZED
==================================================
[INFO] Staging next telemetry analysis loop in 60 seconds... (Ctrl+C to stop)

==================================================
=== GGTI FINANCIAL TELEMETRY TICKER LOOP ===
TIMESTAMP: 2026-06-01 08:08:39
NODE TARGET METRIC ACCOUNT: ACC-47170M
--------------------------------------------------
[METRIC] NET EARNINGS  : 0.00 H.A.C
[METRIC] NET LOSSES    : -172420.00 H.A.C
[SUPPLY] Total Circulating Space : 5073050 H.A.C
[DEMAND] System Demand Index     : 1.4x
[STATUS] Operational Stature     : STABILIZED
==================================================
[INFO] Staging next telemetry analysis loop in 60 seconds... (Ctrl+C to stop)

==================================================
=== GGTI FINANCIAL TELEMETRY TICKER LOOP ===
TIMESTAMP: 2026-06-01 08:09:39
NODE TARGET METRIC ACCOUNT: ACC-47170M
--------------------------------------------------
[METRIC] NET EARNINGS  : 0.00 H.A.C
[METRIC] NET LOSSES    : -172420.00 H.A.C
[SUPPLY] Total Circulating Space : 5073050 H.A.C
[DEMAND] System Demand Index     : 1.4x
[STATUS] Operational Stature     : STABILIZED
==================================================
[INFO] Staging next telemetry analysis loop in 60 seconds... (Ctrl+C to stop)

==================================================
=== GGTI FINANCIAL TELEMETRY TICKER LOOP ===
TIMESTAMP: 2026-06-01 08:10:39
NODE TARGET METRIC ACCOUNT: ACC-47170M
--------------------------------------------------
[METRIC] NET EARNINGS  : 0.00 H.A.C
[METRIC] NET LOSSES    : -172420.00 H.A.C
[SUPPLY] Total Circulating Space : 5073050 H.A.C
[DEMAND] System Demand Index     : 1.4x
[STATUS] Operational Stature     : STABILIZED
==================================================
[INFO] Staging next telemetry analysis loop in 60 seconds... (Ctrl+C to stop)

==================================================
=== GGTI FINANCIAL TELEMETRY TICKER LOOP ===
TIMESTAMP: 2026-06-01 08:11:39
NODE TARGET METRIC ACCOUNT: ACC-47170M
--------------------------------------------------
[METRIC] NET EARNINGS  : 0.00 H.A.C
[METRIC] NET LOSSES    : -172420.00 H.A.C
[SUPPLY] Total Circulating Space : 5073050 H.A.C
[DEMAND] System Demand Index     : 1.4x
[STATUS] Operational Stature     : STABILIZED
==================================================
[INFO] Staging next telemetry analysis loop in 60 seconds... (Ctrl+C to stop)

==================================================
=== GGTI FINANCIAL TELEMETRY TICKER LOOP ===
TIMESTAMP: 2026-06-01 08:12:39
NODE TARGET METRIC ACCOUNT: ACC-47170M
--------------------------------------------------
[METRIC] NET EARNINGS  : 0.00 H.A.C
[METRIC] NET LOSSES    : -172420.00 H.A.C
[SUPPLY] Total Circulating Space : 5073050 H.A.C
[DEMAND] System Demand Index     : 1.4x
[STATUS] Operational Stature     : STABILIZED
==================================================
[INFO] Staging next telemetry analysis loop in 60 seconds... (Ctrl+C to stop)

==================================================
=== GGTI FINANCIAL TELEMETRY TICKER LOOP ===
TIMESTAMP: 2026-06-01 08:13:39
NODE TARGET METRIC ACCOUNT: ACC-47170M
--------------------------------------------------
[METRIC] NET EARNINGS  : 0.00 H.A.C
[METRIC] NET LOSSES    : -172420.00 H.A.C
[SUPPLY] Total Circulating Space : 5073050 H.A.C
[DEMAND] System Demand Index     : 1.4x
[STATUS] Operational Stature     : STABILIZED
==================================================
[INFO] Staging next telemetry analysis loop in 60 seconds... (Ctrl+C to stop)

==================================================
=== GGTI FINANCIAL TELEMETRY TICKER LOOP ===
TIMESTAMP: 2026-06-01 08:14:39
NODE TARGET METRIC ACCOUNT: ACC-47170M
--------------------------------------------------
[METRIC] NET EARNINGS  : 0.00 H.A.C
[METRIC] NET LOSSES    : -172420.00 H.A.C
[SUPPLY] Total Circulating Space : 5073050 H.A.C
[DEMAND] System Demand Index     : 1.4x
[STATUS] Operational Stature     : STABILIZED
==================================================
[INFO] Staging next telemetry analysis loop in 60 seconds... (Ctrl+C to stop)

==================================================
=== GGTI FINANCIAL TELEMETRY TICKER LOOP ===
TIMESTAMP: 2026-06-01 08:15:39
NODE TARGET METRIC ACCOUNT: ACC-47170M
--------------------------------------------------
[METRIC] NET EARNINGS  : 0.00 H.A.C
[METRIC] NET LOSSES    : -172420.00 H.A.C
[SUPPLY] Total Circulating Space : 5073050 H.A.C
[DEMAND] System Demand Index     : 1.4x
[STATUS] Operational Stature     : STABILIZED
==================================================
[INFO] Staging next telemetry analysis loop in 60 seconds... (Ctrl+C to stop)

==================================================
=== GGTI FINANCIAL TELEMETRY TICKER LOOP ===
TIMESTAMP: 2026-06-01 08:16:40
NODE TARGET METRIC ACCOUNT: ACC-47170M
--------------------------------------------------
[METRIC] NET EARNINGS  : 0.00 H.A.C
[METRIC] NET LOSSES    : -172420.00 H.A.C
[SUPPLY] Total Circulating Space : 5073050 H.A.C
[DEMAND] System Demand Index     : 1.4x
[STATUS] Operational Stature     : STABILIZED
==================================================
[INFO] Staging next telemetry analysis loop in 60 seconds... (Ctrl+C to stop)

==================================================
=== GGTI FINANCIAL TELEMETRY TICKER LOOP ===
TIMESTAMP: 2026-06-01 08:17:40
NODE TARGET METRIC ACCOUNT: ACC-47170M
--------------------------------------------------
[METRIC] NET EARNINGS  : 0.00 H.A.C
[METRIC] NET LOSSES    : -172420.00 H.A.C
[SUPPLY] Total Circulating Space : 5073050 H.A.C
[DEMAND] System Demand Index     : 1.4x
[STATUS] Operational Stature     : STABILIZED
==================================================
[INFO] Staging next telemetry analysis loop in 60 seconds... (Ctrl+C to stop)

==================================================
=== GGTI FINANCIAL TELEMETRY TICKER LOOP ===
TIMESTAMP: 2026-06-01 08:18:40
NODE TARGET METRIC ACCOUNT: ACC-47170M
--------------------------------------------------
[METRIC] NET EARNINGS  : 0.00 H.A.C
[METRIC] NET LOSSES    : -172420.00 H.A.C
[SUPPLY] Total Circulating Space : 5073050 H.A.C
[DEMAND] System Demand Index     : 1.4x
[STATUS] Operational Stature     : STABILIZED
==================================================
[INFO] Staging next telemetry analysis loop in 60 seconds... (Ctrl+C to stop)

==================================================
=== GGTI FINANCIAL TELEMETRY TICKER LOOP ===
TIMESTAMP: 2026-06-01 08:19:40
NODE TARGET METRIC ACCOUNT: ACC-47170M
--------------------------------------------------
[METRIC] NET EARNINGS  : 0.00 H.A.C
[METRIC] NET LOSSES    : -172420.00 H.A.C
[SUPPLY] Total Circulating Space : 5073050 H.A.C
[DEMAND] System Demand Index     : 1.4x
[STATUS] Operational Stature     : STABILIZED
==================================================
[INFO] Staging next telemetry analysis loop in 60 seconds... (Ctrl+C to stop)

==================================================
=== GGTI FINANCIAL TELEMETRY TICKER LOOP ===
TIMESTAMP: 2026-06-01 08:20:40
NODE TARGET METRIC ACCOUNT: ACC-47170M
--------------------------------------------------
[METRIC] NET EARNINGS  : 0.00 H.A.C
[METRIC] NET LOSSES    : -172420.00 H.A.C
[SUPPLY] Total Circulating Space : 5073050 H.A.C
[DEMAND] System Demand Index     : 1.4x
[STATUS] Operational Stature     : STABILIZED
==================================================
[INFO] Staging next telemetry analysis loop in 60 seconds... (Ctrl+C to stop)

==================================================
=== GGTI FINANCIAL TELEMETRY TICKER LOOP ===
TIMESTAMP: 2026-06-01 08:21:40
NODE TARGET METRIC ACCOUNT: ACC-47170M
--------------------------------------------------
[METRIC] NET EARNINGS  : 0.00 H.A.C
[METRIC] NET LOSSES    : -172420.00 H.A.C
[SUPPLY] Total Circulating Space : 5073050 H.A.C
[DEMAND] System Demand Index     : 1.4x
[STATUS] Operational Stature     : STABILIZED
==================================================
[INFO] Staging next telemetry analysis loop in 60 seconds... (Ctrl+C to stop)

==================================================
=== GGTI FINANCIAL TELEMETRY TICKER LOOP ===
TIMESTAMP: 2026-06-01 08:22:40
NODE TARGET METRIC ACCOUNT: ACC-47170M
--------------------------------------------------
[METRIC] NET EARNINGS  : 0.00 H.A.C
[METRIC] NET LOSSES    : -172420.00 H.A.C
[SUPPLY] Total Circulating Space : 5073050 H.A.C
[DEMAND] System Demand Index     : 1.4x
[STATUS] Operational Stature     : STABILIZED
==================================================
[INFO] Staging next telemetry analysis loop in 60 seconds... (Ctrl+C to stop)

==================================================
=== GGTI FINANCIAL TELEMETRY TICKER LOOP ===
TIMESTAMP: 2026-06-01 08:23:40
NODE TARGET METRIC ACCOUNT: ACC-47170M
--------------------------------------------------
[METRIC] NET EARNINGS  : 0.00 H.A.C
[METRIC] NET LOSSES    : -172420.00 H.A.C
[SUPPLY] Total Circulating Space : 5073050 H.A.C
[DEMAND] System Demand Index     : 1.4x
[STATUS] Operational Stature     : STABILIZED
==================================================
[INFO] Staging next telemetry analysis loop in 60 seconds... (Ctrl+C to stop)

==================================================
=== GGTI FINANCIAL TELEMETRY TICKER LOOP ===
TIMESTAMP: 2026-06-01 08:24:40
NODE TARGET METRIC ACCOUNT: ACC-47170M
--------------------------------------------------
[METRIC] NET EARNINGS  : 0.00 H.A.C
[METRIC] NET LOSSES    : -172420.00 H.A.C
[SUPPLY] Total Circulating Space : 5073050 H.A.C
[DEMAND] System Demand Index     : 1.4x
[STATUS] Operational Stature     : STABILIZED
==================================================
[INFO] Staging next telemetry analysis loop in 60 seconds... (Ctrl+C to stop)

==================================================
=== GGTI FINANCIAL TELEMETRY TICKER LOOP ===
TIMESTAMP: 2026-06-01 08:25:40
NODE TARGET METRIC ACCOUNT: ACC-47170M
--------------------------------------------------
[METRIC] NET EARNINGS  : 0.00 H.A.C
[METRIC] NET LOSSES    : -172420.00 H.A.C
[SUPPLY] Total Circulating Space : 5073050 H.A.C
[DEMAND] System Demand Index     : 1.4x
[STATUS] Operational Stature     : STABILIZED
==================================================
[INFO] Staging next telemetry analysis loop in 60 seconds... (Ctrl+C to stop)

==================================================
=== GGTI FINANCIAL TELEMETRY TICKER LOOP ===
TIMESTAMP: 2026-06-01 08:26:40
NODE TARGET METRIC ACCOUNT: ACC-47170M
--------------------------------------------------
[METRIC] NET EARNINGS  : 0.00 H.A.C
[METRIC] NET LOSSES    : -172420.00 H.A.C
[SUPPLY] Total Circulating Space : 5073050 H.A.C
[DEMAND] System Demand Index     : 1.4x
[STATUS] Operational Stature     : STABILIZED
==================================================
[INFO] Staging next telemetry analysis loop in 60 seconds... (Ctrl+C to stop)

==================================================
=== GGTI FINANCIAL TELEMETRY TICKER LOOP ===
TIMESTAMP: 2026-06-01 08:27:40
NODE TARGET METRIC ACCOUNT: ACC-47170M
--------------------------------------------------
[METRIC] NET EARNINGS  : 0.00 H.A.C
[METRIC] NET LOSSES    : -172420.00 H.A.C
[SUPPLY] Total Circulating Space : 5073050 H.A.C
[DEMAND] System Demand Index     : 1.4x
[STATUS] Operational Stature     : STABILIZED
==================================================
[INFO] Staging next telemetry analysis loop in 60 seconds... (Ctrl+C to stop)

==================================================
=== GGTI FINANCIAL TELEMETRY TICKER LOOP ===
TIMESTAMP: 2026-06-01 08:28:40
NODE TARGET METRIC ACCOUNT: ACC-47170M
--------------------------------------------------
[METRIC] NET EARNINGS  : 0.00 H.A.C
[METRIC] NET LOSSES    : -172420.00 H.A.C
[SUPPLY] Total Circulating Space : 5073050 H.A.C
[DEMAND] System Demand Index     : 1.4x
[STATUS] Operational Stature     : STABILIZED
==================================================
[INFO] Staging next telemetry analysis loop in 60 seconds... (Ctrl+C to stop)

==================================================
=== GGTI FINANCIAL TELEMETRY TICKER LOOP ===
TIMESTAMP: 2026-06-01 08:29:40
NODE TARGET METRIC ACCOUNT: ACC-47170M
--------------------------------------------------
[METRIC] NET EARNINGS  : 0.00 H.A.C
[METRIC] NET LOSSES    : -172420.00 H.A.C
[SUPPLY] Total Circulating Space : 5073050 H.A.C
[DEMAND] System Demand Index     : 1.4x
[STATUS] Operational Stature     : STABILIZED
==================================================
[INFO] Staging next telemetry analysis loop in 60 seconds... (Ctrl+C to stop)

==================================================
=== GGTI FINANCIAL TELEMETRY TICKER LOOP ===